# Wave 2 load ledger. One line per loaded row: <ROW ID> loaded <date>.
# Appended by whoever loads. Do not edit the library file to mark loads.
#
# Created empty 2026-09-02. Nothing from Wave 2 has been loaded yet.
#
# Wave 2 contains 8 HOLD- rows (HOLD-GW2001 to HOLD-GW2008, 31 Oct to 1 Dec).
# HOLD rows never auto-load. Amanda releases one by dropping the prefix herself.
#
# Before loading any Wave 2 row, check it against the LIVE queue on
# platform + exact post text, not text alone. The libraries recombine captions
# Amanda already published, so the same wording on a different platform is
# intentional cross-posting. Only a same-platform match is a duplicate.
# See content/handoff/HANDOFF_0902_queue-supplier-contract.md
GW2008 present 2026-10-07
GW2009 present 2026-10-07
GW2014 present 2026-10-07
GW2015 present 2026-10-07
GW2018 present 2026-10-07
GW2023 present 2026-10-07
GW2024 present 2026-10-07
GW2025 present 2026-10-07
GW2031 present 2026-10-07
GW2033 present 2026-10-07
GW2037 present 2026-10-07
GW2042 present 2026-10-07
GW2045 present 2026-10-07
GW2048 present 2026-10-07
GW2049 present 2026-10-07
GW2050 present 2026-10-07
GW2060 present 2026-10-07
GW2063 present 2026-10-07
GW2066 present 2026-10-07
GW2067 present 2026-10-07
GW2073 present 2026-10-07
GW2074 present 2026-10-07
GW2079 present 2026-10-07
GW2086 present 2026-10-07
GW2090 present 2026-10-07
GW2094 present 2026-10-07
GW2095 present 2026-10-07
GW2101 present 2026-10-07
GW2102 present 2026-10-07
GW2107 present 2026-10-07
GW2112 present 2026-10-07
GW2113 present 2026-10-07
GW2115 present 2026-10-07
GW2116 present 2026-10-07
GW2117 present 2026-10-07
GW2118 present 2026-10-07
GW2119 present 2026-10-07
GW2120 present 2026-10-07
GW2122 present 2026-10-07
GW2124 present 2026-10-07
GW2129 present 2026-10-07
GW2130 present 2026-10-07
GW2131 present 2026-10-07
GW2136 present 2026-10-07
GW2137 present 2026-10-07
GW2140 present 2026-10-07
GW2143 present 2026-10-07
GW2148 present 2026-10-07
GW2151 present 2026-10-07
GW2155 present 2026-10-07
GW2162 present 2026-10-07
GW2164 present 2026-10-07
GW2172 present 2026-10-07
GW2184 present 2026-10-07
GW2187 present 2026-10-07
GW2191 present 2026-10-07
GW2192 present 2026-10-07
GW2003 loaded 2026-10-07
GW2004 loaded 2026-10-07
GW2006 loaded 2026-10-07
GW2007 loaded 2026-10-07
GW2010 loaded 2026-10-07
GW2035 loaded 2026-10-07
